---
source: src/schema.rs
expression: create_schema().finish().sdl()
---




scalar JsonString

type Mutation {
	set(functionName: String!, key: String!, data: JsonString!): JsonString!
}

type Query {
	get(functionName: String!, key: String!): JsonString
}


schema {
	query: Query
	mutation: Mutation
}

